main.c:125:5:main	808	static
main.c:561:6:SystemClock_Config	88	static
main.c:606:13:MX_ADC1_Init	24	static
main.c:656:13:MX_SPI3_Init	8	static
main.c:694:13:MX_TIM3_Init	32	static
main.c:739:13:MX_TIM11_Init	8	static
main.c:770:13:MX_USART2_UART_Init	8	static
main.c:801:13:MX_DMA_Init	16	static
main.c:819:13:MX_GPIO_Init	48	static
main.c:871:9:UARTRecieveIT	16	static
main.c:882:6:HAL_UART_RxCpltCallback	16	static
main.c:887:6:MCP4922SetOutput	24	static
main.c:894:6:HAL_SPI_TxCpltCallback	16	static
main.c:902:6:HAL_TIM_PeriodElapsedCallback	24	static
main.c:910:17:micros	12	static
main.c:920:6:Error_Handler	4	static,ignoring_inline_asm
